
--- launched 2026-07-07 18:07:25 ---
source /home/nuc8/miniconda3/etc/profile.d/conda.sh && conda activate FastUMI && source /opt/ros/noetic/setup.bash && cd /home/nuc8/FastUMI && exec python3 cam_capture_node.py

[WARN] [1783444145.259305]: Frame grab failed, retrying...
[INFO] [1783444046.824800]: cam_capture_node publishing raw MJPEG on /usb_cam/image_raw/compressed (1920x1080@60fps)
[INFO] [1783444051.842544]: 29.9 fps, ~40 KB/frame
[INFO] [1783444056.871045]: 29.8 fps, ~72 KB/frame
[INFO] [1783444061.875599]: 30.0 fps, ~72 KB/frame
[INFO] [1783444066.880932]: 30.0 fps, ~72 KB/frame
[INFO] [1783444071.885179]: 30.0 fps, ~72 KB/frame
[INFO] [1783444076.890201]: 30.0 fps, ~72 KB/frame
[INFO] [1783444081.895187]: 30.0 fps, ~72 KB/frame
[INFO] [1783444086.900562]: 30.0 fps, ~72 KB/frame
[INFO] [1783444091.905663]: 30.0 fps, ~72 KB/frame
[INFO] [1783444096.910940]: 30.0 fps, ~72 KB/frame
[INFO] [1783444101.915496]: 30.0 fps, ~72 KB/frame
[INFO] [1783444106.920995]: 30.0 fps, ~72 KB/frame
[INFO] [1783444111.925124]: 30.0 fps, ~72 KB/frame
[INFO] [1783444116.930309]: 30.0 fps, ~72 KB/frame
[INFO] [1783444121.934725]: 30.0 fps, ~72 KB/frame
[INFO] [1783444126.939153]: 30.0 fps, ~72 KB/frame
[INFO] [1783444131.943408]: 30.0 fps, ~72 KB/frame
[INFO] [1783444136.947867]: 30.0 fps, ~72 KB/frame
[INFO] [1783444141.953702]: 30.0 fps, ~72 KB/frame

--- launched 2026-07-07 18:12:59 ---
source /home/nuc8/miniconda3/etc/profile.d/conda.sh && conda activate FastUMI && source /opt/ros/noetic/setup.bash && cd /home/nuc8/FastUMI && exec python3 cam_capture_node.py


--- launched 2026-07-07 18:19:50 ---
source /home/nuc8/miniconda3/etc/profile.d/conda.sh && conda activate FastUMI && source /opt/ros/noetic/setup.bash && cd /home/nuc8/FastUMI && exec python3 cam_capture_node.py

[ WARN:0@0.277] global cap.cpp:215 open VIDEOIO(V4L2): backend is generally available but can't be used to capture by name
Traceback (most recent call last):
  File "cam_capture_node.py", line 100, in <module>
    main()
  File "cam_capture_node.py", line 70, in main
    cap = open_capture()
  File "cam_capture_node.py", line 42, in open_capture
    raise RuntimeError(f'Could not open {VIDEO_DEVICE} via V4L2')
RuntimeError: Could not open /dev/elgato via V4L2
[INFO] [1783444380.743333]: cam_capture_node publishing raw MJPEG on /usb_cam/image_raw/compressed (1920x1080@60fps)
[INFO] [1783444385.762097]: 29.9 fps, ~40 KB/frame
[INFO] [1783444390.791993]: 29.8 fps, ~72 KB/frame
[INFO] [1783444395.797091]: 30.0 fps, ~72 KB/frame
[INFO] [1783444400.802127]: 30.0 fps, ~72 KB/frame
[INFO] [1783444405.807414]: 30.0 fps, ~72 KB/frame
[INFO] [1783444410.811397]: 30.0 fps, ~72 KB/frame
[INFO] [1783444415.816930]: 30.0 fps, ~72 KB/frame
[INFO] [1783444420.821547]: 30.0 fps, ~72 KB/frame
[INFO] [1783444425.825715]: 30.0 fps, ~72 KB/frame
[INFO] [1783444430.829967]: 30.0 fps, ~72 KB/frame
[INFO] [1783444435.834360]: 30.0 fps, ~72 KB/frame
[INFO] [1783444440.839457]: 30.0 fps, ~72 KB/frame
[INFO] [1783444445.844009]: 30.0 fps, ~72 KB/frame
[INFO] [1783444450.848572]: 30.0 fps, ~72 KB/frame
[INFO] [1783444455.852766]: 30.0 fps, ~72 KB/frame
[INFO] [1783444460.857772]: 30.0 fps, ~72 KB/frame
[INFO] [1783444465.864769]: 30.0 fps, ~72 KB/frame
[INFO] [1783444470.868852]: 30.0 fps, ~72 KB/frame
[INFO] [1783444475.873440]: 30.0 fps, ~72 KB/frame
[INFO] [1783444480.878207]: 30.0 fps, ~72 KB/frame
[INFO] [1783444485.884979]: 30.0 fps, ~72 KB/frame
[INFO] [1783444490.887329]: 30.0 fps, ~72 KB/frame
[INFO] [1783444495.892010]: 30.0 fps, ~72 KB/frame
[INFO] [1783444500.898057]: 30.0 fps, ~72 KB/frame
[INFO] [1783444505.903310]: 30.0 fps, ~72 KB/frame
[INFO] [1783444510.907870]: 30.0 fps, ~72 KB/frame
[INFO] [1783444515.913165]: 30.0 fps, ~72 KB/frame
[INFO] [1783444520.918375]: 30.0 fps, ~72 KB/frame
[INFO] [1783444525.924713]: 30.0 fps, ~72 KB/frame
[INFO] [1783444530.928459]: 30.0 fps, ~72 KB/frame
[INFO] [1783444535.933863]: 30.0 fps, ~72 KB/frame
[INFO] [1783444540.938521]: 30.0 fps, ~72 KB/frame
[INFO] [1783444545.943228]: 30.0 fps, ~72 KB/frame
[INFO] [1783444550.948155]: 30.0 fps, ~72 KB/frame
[INFO] [1783444555.953111]: 30.0 fps, ~72 KB/frame
[INFO] [1783444560.958391]: 30.0 fps, ~72 KB/frame
[INFO] [1783444565.963259]: 30.0 fps, ~72 KB/frame
[INFO] [1783444570.968041]: 30.0 fps, ~72 KB/frame
[INFO] [1783444575.973328]: 30.0 fps, ~72 KB/frame
[INFO] [1783444580.979919]: 30.0 fps, ~72 KB/frame
[INFO] [1783444585.984424]: 30.0 fps, ~72 KB/frame
[INFO] [1783444590.988522]: 30.0 fps, ~72 KB/frame
[INFO] [1783444595.993487]: 30.0 fps, ~72 KB/frame
[INFO] [1783444600.998479]: 30.0 fps, ~72 KB/frame
[INFO] [1783444606.002554]: 30.0 fps, ~72 KB/frame
[INFO] [1783444611.008103]: 30.0 fps, ~72 KB/frame
[INFO] [1783444616.012644]: 30.0 fps, ~72 KB/frame
[INFO] [1783444621.018394]: 30.0 fps, ~72 KB/frame
[INFO] [1783444626.024030]: 30.0 fps, ~72 KB/frame
[INFO] [1783444631.028075]: 30.0 fps, ~72 KB/frame
[INFO] [1783444636.032649]: 30.0 fps, ~72 KB/frame
[INFO] [1783444641.038143]: 30.0 fps, ~72 KB/frame
[INFO] [1783444646.043510]: 30.0 fps, ~72 KB/frame
[INFO] [1783444651.047946]: 30.0 fps, ~72 KB/frame
[INFO] [1783444656.052875]: 30.0 fps, ~72 KB/frame
[INFO] [1783444661.057491]: 30.0 fps, ~72 KB/frame
[INFO] [1783444666.060959]: 30.0 fps, ~72 KB/frame
[INFO] [1783444671.065932]: 30.0 fps, ~72 KB/frame
[INFO] [1783444676.070734]: 30.0 fps, ~72 KB/frame
[INFO] [1783444681.074688]: 30.0 fps, ~72 KB/frame
[INFO] [1783444686.080589]: 30.0 fps, ~72 KB/frame
[INFO] [1783444691.086564]: 30.0 fps, ~72 KB/frame
[INFO] [1783444696.091750]: 30.0 fps, ~72 KB/frame
[INFO] [1783444701.097784]: 30.0 fps, ~72 KB/frame
[INFO] [1783444706.102256]: 30.0 fps, ~72 KB/frame
[INFO] [1783444711.106455]: 30.0 fps, ~72 KB/frame
[INFO] [1783444716.110929]: 30.0 fps, ~72 KB/frame
[INFO] [1783444721.115988]: 30.0 fps, ~72 KB/frame
[INFO] [1783444726.120385]: 30.0 fps, ~72 KB/frame
[INFO] [1783444731.126020]: 30.0 fps, ~72 KB/frame
[INFO] [1783444736.131793]: 30.0 fps, ~72 KB/frame
[INFO] [1783444741.135679]: 30.0 fps, ~72 KB/frame
[INFO] [1783444746.139899]: 30.0 fps, ~72 KB/frame
[INFO] [1783444751.144089]: 30.0 fps, ~72 KB/frame
[INFO] [1783444756.148980]: 30.0 fps, ~72 KB/frame
[INFO] [1783444761.154496]: 30.0 fps, ~72 KB/frame
[INFO] [1783444766.159281]: 30.0 fps, ~72 KB/frame
[INFO] [1783444771.163696]: 30.0 fps, ~72 KB/frame
[INFO] [1783444776.167435]: 30.0 fps, ~72 KB/frame
[INFO] [1783444781.172455]: 30.0 fps, ~72 KB/frame
[INFO] [1783444786.176003]: 30.0 fps, ~72 KB/frame
shutdown request: [/cam_capture_node] Reason: new node registered with same name

--- launched 2026-07-07 18:22:11 ---
source /home/nuc8/miniconda3/etc/profile.d/conda.sh && conda activate FastUMI && source /opt/ros/noetic/setup.bash && cd /home/nuc8/FastUMI && exec python3 cam_capture_node.py


--- launched 2026-07-07 18:26:56 ---
source /home/nuc8/miniconda3/etc/profile.d/conda.sh && conda activate FastUMI && source /opt/ros/noetic/setup.bash && cd /home/nuc8/FastUMI && exec python3 cam_capture_node.py

[WARN] [1783445368.676584]: Frame grab failed, retrying...
[INFO] [1783445217.740072]: cam_capture_node publishing raw MJPEG on /usb_cam/image_raw/compressed (1920x1080@60fps)
[INFO] [1783445222.758040]: 29.9 fps, ~40 KB/frame
[INFO] [1783445227.789175]: 29.8 fps, ~72 KB/frame
[INFO] [1783445232.794535]: 30.0 fps, ~72 KB/frame
[INFO] [1783445237.799113]: 30.0 fps, ~72 KB/frame
[INFO] [1783445242.803830]: 30.0 fps, ~72 KB/frame
[INFO] [1783445247.809924]: 30.0 fps, ~72 KB/frame
[INFO] [1783445252.816354]: 30.0 fps, ~72 KB/frame
[INFO] [1783445257.821507]: 30.0 fps, ~72 KB/frame
[INFO] [1783445262.827273]: 30.0 fps, ~72 KB/frame
[INFO] [1783445267.832875]: 30.0 fps, ~72 KB/frame
[INFO] [1783445272.838704]: 30.0 fps, ~72 KB/frame
[INFO] [1783445277.844403]: 30.0 fps, ~72 KB/frame
[INFO] [1783445282.849560]: 30.0 fps, ~72 KB/frame
[INFO] [1783445287.855251]: 30.0 fps, ~72 KB/frame
[INFO] [1783445292.861443]: 30.0 fps, ~72 KB/frame
[INFO] [1783445297.867280]: 30.0 fps, ~72 KB/frame
[INFO] [1783445302.873169]: 30.0 fps, ~72 KB/frame
[INFO] [1783445307.879484]: 30.0 fps, ~72 KB/frame
[INFO] [1783445312.883946]: 30.0 fps, ~72 KB/frame
[INFO] [1783445317.889569]: 30.0 fps, ~72 KB/frame
[INFO] [1783445322.894912]: 30.0 fps, ~72 KB/frame
[INFO] [1783445327.900324]: 30.0 fps, ~72 KB/frame
[INFO] [1783445332.905725]: 30.0 fps, ~72 KB/frame
[INFO] [1783445337.910913]: 30.0 fps, ~72 KB/frame
[INFO] [1783445342.916036]: 30.0 fps, ~72 KB/frame
[INFO] [1783445347.921460]: 30.0 fps, ~72 KB/frame
[INFO] [1783445352.927012]: 30.0 fps, ~72 KB/frame
[INFO] [1783445357.931725]: 30.0 fps, ~72 KB/frame
[INFO] [1783445362.937318]: 30.0 fps, ~72 KB/frame
[INFO] [1783445367.943764]: 30.0 fps, ~72 KB/frame

--- launched 2026-07-07 18:29:38 ---
source /home/nuc8/miniconda3/etc/profile.d/conda.sh && conda activate FastUMI && source /opt/ros/noetic/setup.bash && cd /home/nuc8/FastUMI && exec python3 cam_capture_node.py

[INFO] [1783445379.170324]: cam_capture_node publishing raw MJPEG on /usb_cam/image_raw/compressed (1920x1080@60fps)
[INFO] [1783445384.174296]: 31.2 fps, ~385 KB/frame
[INFO] [1783445389.190567]: 30.7 fps, ~388 KB/frame
[INFO] [1783445394.206846]: 32.9 fps, ~386 KB/frame
[INFO] [1783445399.207221]: 31.6 fps, ~381 KB/frame
[INFO] [1783445404.223582]: 32.1 fps, ~387 KB/frame
[INFO] [1783445409.257029]: 30.6 fps, ~379 KB/frame
[INFO] [1783445414.289397]: 30.0 fps, ~377 KB/frame
[INFO] [1783445419.322432]: 30.0 fps, ~378 KB/frame
[INFO] [1783445424.355643]: 30.0 fps, ~376 KB/frame
[INFO] [1783445429.388551]: 30.0 fps, ~376 KB/frame
[INFO] [1783445434.421327]: 30.0 fps, ~373 KB/frame
[INFO] [1783445439.453450]: 31.0 fps, ~377 KB/frame
[INFO] [1783445444.454297]: 30.0 fps, ~379 KB/frame
[INFO] [1783445449.487266]: 30.0 fps, ~378 KB/frame
[INFO] [1783445454.520110]: 30.0 fps, ~377 KB/frame
[INFO] [1783445459.536573]: 30.1 fps, ~394 KB/frame
[INFO] [1783445464.552680]: 30.7 fps, ~400 KB/frame
[INFO] [1783445469.560667]: 32.3 fps, ~400 KB/frame
[INFO] [1783445474.585431]: 32.2 fps, ~401 KB/frame
[INFO] [1783445479.601768]: 32.1 fps, ~400 KB/frame
[INFO] [1783445484.608458]: 33.0 fps, ~400 KB/frame
[INFO] [1783445489.618271]: 31.7 fps, ~400 KB/frame
[INFO] [1783445494.651439]: 33.4 fps, ~400 KB/frame
[INFO] [1783445499.683825]: 32.4 fps, ~400 KB/frame
[INFO] [1783445504.700216]: 32.3 fps, ~400 KB/frame
[INFO] [1783445509.700328]: 32.6 fps, ~401 KB/frame
[INFO] [1783445514.733283]: 33.4 fps, ~402 KB/frame
[INFO] [1783445519.767510]: 31.4 fps, ~401 KB/frame
[INFO] [1783445524.798830]: 31.4 fps, ~400 KB/frame
[INFO] [1783445529.815189]: 32.1 fps, ~401 KB/frame
[INFO] [1783445534.848116]: 32.8 fps, ~400 KB/frame
[INFO] [1783445539.876108]: 34.0 fps, ~400 KB/frame
[INFO] [1783445544.881001]: 32.4 fps, ~401 KB/frame
[INFO] [1783445549.898044]: 32.7 fps, ~399 KB/frame
[INFO] [1783445554.932145]: 32.0 fps, ~402 KB/frame
[INFO] [1783445559.963878]: 31.4 fps, ~401 KB/frame
[INFO] [1783445564.980490]: 33.1 fps, ~401 KB/frame
[INFO] [1783445570.012805]: 31.0 fps, ~396 KB/frame
[INFO] [1783445575.046078]: 30.0 fps, ~399 KB/frame
[INFO] [1783445580.079261]: 30.0 fps, ~398 KB/frame
[INFO] [1783445585.112098]: 30.0 fps, ~396 KB/frame
[INFO] [1783445590.145185]: 30.0 fps, ~394 KB/frame
[INFO] [1783445595.177957]: 30.0 fps, ~396 KB/frame
[INFO] [1783445600.210992]: 30.0 fps, ~394 KB/frame
[INFO] [1783445605.244109]: 30.0 fps, ~397 KB/frame
[INFO] [1783445610.276900]: 30.0 fps, ~395 KB/frame
[INFO] [1783445615.277056]: 30.0 fps, ~398 KB/frame
[INFO] [1783445620.310221]: 30.0 fps, ~396 KB/frame
[INFO] [1783445625.343263]: 30.0 fps, ~394 KB/frame
[INFO] [1783445630.375866]: 30.0 fps, ~395 KB/frame
[INFO] [1783445635.409015]: 30.0 fps, ~397 KB/frame
[INFO] [1783445640.442392]: 30.0 fps, ~395 KB/frame
[INFO] [1783445645.475007]: 30.0 fps, ~396 KB/frame
[INFO] [1783445650.507641]: 30.0 fps, ~398 KB/frame
[INFO] [1783445655.508002]: 30.0 fps, ~396 KB/frame
[INFO] [1783445660.540629]: 30.0 fps, ~396 KB/frame
[INFO] [1783445665.573592]: 30.0 fps, ~398 KB/frame
[INFO] [1783445670.606542]: 30.0 fps, ~397 KB/frame
[INFO] [1783445675.639966]: 30.0 fps, ~399 KB/frame
[INFO] [1783445680.673533]: 30.0 fps, ~397 KB/frame
[INFO] [1783445685.706017]: 30.0 fps, ~398 KB/frame
[INFO] [1783445690.739569]: 30.0 fps, ~398 KB/frame
[INFO] [1783445695.773402]: 30.0 fps, ~395 KB/frame
[INFO] [1783445700.788018]: 30.1 fps, ~397 KB/frame
[INFO] [1783445705.804572]: 30.1 fps, ~398 KB/frame
[INFO] [1783445710.837356]: 30.0 fps, ~397 KB/frame
[INFO] [1783445715.853681]: 30.5 fps, ~396 KB/frame
[INFO] [1783445720.856453]: 30.8 fps, ~396 KB/frame
[INFO] [1783445725.888266]: 30.0 fps, ~399 KB/frame
[INFO] [1783445730.919514]: 31.2 fps, ~398 KB/frame
[INFO] [1783445735.936013]: 30.7 fps, ~396 KB/frame
[INFO] [1783445740.969246]: 30.0 fps, ~398 KB/frame
[INFO] [1783445745.993624]: 31.2 fps, ~400 KB/frame
[INFO] [1783445751.002045]: 31.3 fps, ~399 KB/frame
[INFO] [1783445756.002152]: 31.4 fps, ~399 KB/frame
[INFO] [1783445761.026469]: 32.4 fps, ~400 KB/frame
[INFO] [1783445766.051330]: 31.2 fps, ~401 KB/frame
[INFO] [1783445771.066977]: 32.1 fps, ~397 KB/frame
[INFO] [1783445776.067530]: 32.4 fps, ~400 KB/frame
[INFO] [1783445781.083643]: 32.1 fps, ~401 KB/frame
[INFO] [1783445786.086987]: 32.8 fps, ~401 KB/frame
[INFO] [1783445791.116257]: 32.6 fps, ~399 KB/frame
[INFO] [1783445796.149194]: 32.4 fps, ~400 KB/frame
[INFO] [1783445801.173592]: 31.8 fps, ~400 KB/frame
[INFO] [1783445806.182175]: 33.3 fps, ~401 KB/frame
[INFO] [1783445811.199273]: 32.3 fps, ~400 KB/frame
[INFO] [1783445816.214663]: 33.1 fps, ~400 KB/frame
[INFO] [1783445821.222380]: 32.5 fps, ~400 KB/frame
[INFO] [1783445826.230694]: 30.2 fps, ~398 KB/frame
[INFO] [1783445831.230731]: 30.0 fps, ~397 KB/frame
[INFO] [1783445836.241802]: 30.1 fps, ~400 KB/frame
[INFO] [1783445841.263055]: 30.9 fps, ~396 KB/frame
[INFO] [1783445846.296393]: 31.8 fps, ~397 KB/frame
[INFO] [1783445851.312836]: 31.3 fps, ~399 KB/frame
[INFO] [1783445856.329325]: 32.7 fps, ~399 KB/frame
[INFO] [1783445861.362493]: 32.8 fps, ~398 KB/frame
[INFO] [1783445866.378450]: 31.9 fps, ~399 KB/frame
[INFO] [1783445871.394406]: 30.9 fps, ~397 KB/frame
[INFO] [1783445876.394666]: 30.6 fps, ~400 KB/frame
[INFO] [1783445881.410823]: 30.9 fps, ~398 KB/frame
[INFO] [1783445886.444229]: 31.6 fps, ~399 KB/frame
[INFO] [1783445891.476888]: 31.4 fps, ~399 KB/frame
[INFO] [1783445896.493258]: 30.9 fps, ~399 KB/frame
[INFO] [1783445901.510467]: 30.3 fps, ~397 KB/frame
[INFO] [1783445906.533953]: 32.2 fps, ~400 KB/frame
[INFO] [1783445911.562083]: 33.0 fps, ~400 KB/frame
[INFO] [1783445916.592021]: 32.8 fps, ~398 KB/frame
[INFO] [1783445921.612577]: 30.9 fps, ~397 KB/frame
[INFO] [1783445926.642340]: 30.4 fps, ~396 KB/frame
[INFO] [1783445931.660965]: 30.5 fps, ~397 KB/frame
[INFO] [1783445936.674294]: 30.9 fps, ~398 KB/frame
[INFO] [1783445941.707083]: 31.0 fps, ~399 KB/frame
[INFO] [1783445946.725985]: 31.3 fps, ~399 KB/frame
[INFO] [1783445951.740257]: 31.1 fps, ~397 KB/frame
[INFO] [1783445956.755168]: 32.3 fps, ~398 KB/frame
[INFO] [1783445961.755650]: 30.4 fps, ~399 KB/frame
[INFO] [1783445966.772139]: 31.9 fps, ~397 KB/frame
[INFO] [1783445971.805173]: 30.2 fps, ~399 KB/frame
[INFO] [1783445976.821594]: 30.1 fps, ~399 KB/frame
[INFO] [1783445981.837991]: 31.1 fps, ~400 KB/frame
[INFO] [1783445986.854458]: 31.1 fps, ~400 KB/frame
[INFO] [1783445991.887967]: 32.2 fps, ~399 KB/frame
[INFO] [1783445996.921010]: 33.4 fps, ~398 KB/frame
[INFO] [1783446001.954025]: 32.4 fps, ~389 KB/frame
[INFO] [1783446006.986910]: 30.4 fps, ~401 KB/frame
[INFO] [1783446012.020052]: 33.0 fps, ~403 KB/frame
[INFO] [1783446017.052654]: 31.4 fps, ~401 KB/frame
[INFO] [1783446022.069195]: 30.5 fps, ~400 KB/frame
[INFO] [1783446027.093887]: 32.4 fps, ~400 KB/frame
[INFO] [1783446032.101781]: 32.1 fps, ~402 KB/frame
[INFO] [1783446037.118192]: 30.1 fps, ~403 KB/frame
[INFO] [1783446042.134698]: 30.1 fps, ~405 KB/frame
[INFO] [1783446047.150904]: 30.3 fps, ~402 KB/frame
[INFO] [1783446052.184117]: 30.0 fps, ~406 KB/frame
[INFO] [1783446057.217179]: 30.0 fps, ~407 KB/frame
[INFO] [1783446062.250301]: 30.0 fps, ~404 KB/frame
[INFO] [1783446067.282189]: 30.0 fps, ~406 KB/frame
[INFO] [1783446072.282965]: 30.0 fps, ~406 KB/frame
[INFO] [1783446077.316483]: 30.0 fps, ~405 KB/frame
[INFO] [1783446082.316934]: 30.0 fps, ~403 KB/frame
[INFO] [1783446087.348847]: 30.0 fps, ~405 KB/frame
[INFO] [1783446092.382116]: 30.0 fps, ~405 KB/frame
[INFO] [1783446097.414638]: 30.0 fps, ~402 KB/frame
[INFO] [1783446102.414995]: 30.0 fps, ~404 KB/frame
[INFO] [1783446107.447770]: 30.0 fps, ~403 KB/frame
[INFO] [1783446112.480840]: 30.0 fps, ~405 KB/frame
[INFO] [1783446117.513815]: 30.0 fps, ~404 KB/frame
[INFO] [1783446122.547058]: 30.0 fps, ~404 KB/frame
[INFO] [1783446127.584477]: 30.0 fps, ~394 KB/frame
[INFO] [1783446132.596038]: 30.5 fps, ~380 KB/frame
[INFO] [1783446137.629136]: 30.0 fps, ~379 KB/frame
[INFO] [1783446142.661953]: 30.0 fps, ~376 KB/frame
[INFO] [1783446147.695168]: 30.0 fps, ~375 KB/frame
[INFO] [1783446152.728179]: 30.0 fps, ~374 KB/frame
[INFO] [1783446157.761421]: 30.0 fps, ~378 KB/frame
[INFO] [1783446162.794168]: 30.0 fps, ~374 KB/frame
[INFO] [1783446167.827273]: 32.2 fps, ~385 KB/frame
[INFO] [1783446172.860409]: 32.2 fps, ~385 KB/frame
[INFO] [1783446177.860553]: 32.4 fps, ~377 KB/frame
[INFO] [1783446182.893246]: 30.0 fps, ~374 KB/frame
[INFO] [1783446187.926058]: 30.0 fps, ~375 KB/frame
[INFO] [1783446192.959255]: 30.0 fps, ~376 KB/frame
[INFO] [1783446197.959862]: 30.0 fps, ~378 KB/frame
[INFO] [1783446202.992424]: 30.0 fps, ~379 KB/frame
[INFO] [1783446207.994438]: 30.0 fps, ~380 KB/frame
[INFO] [1783446213.027570]: 30.0 fps, ~378 KB/frame
[INFO] [1783446218.027860]: 30.0 fps, ~378 KB/frame
[INFO] [1783446223.060799]: 30.0 fps, ~379 KB/frame
[INFO] [1783446228.093085]: 30.0 fps, ~379 KB/frame
[INFO] [1783446233.126474]: 30.0 fps, ~380 KB/frame
[INFO] [1783446238.159307]: 30.4 fps, ~389 KB/frame
[INFO] [1783446243.192806]: 30.0 fps, ~380 KB/frame
[INFO] [1783446248.192894]: 30.0 fps, ~380 KB/frame
[INFO] [1783446253.225235]: 30.0 fps, ~379 KB/frame
[INFO] [1783446258.258354]: 30.0 fps, ~375 KB/frame
[INFO] [1783446263.274812]: 31.9 fps, ~384 KB/frame
[INFO] [1783446268.282357]: 33.0 fps, ~384 KB/frame
[INFO] [1783446273.299063]: 32.7 fps, ~384 KB/frame
[INFO] [1783446278.307270]: 33.1 fps, ~385 KB/frame
[INFO] [1783446283.323340]: 32.3 fps, ~383 KB/frame
[INFO] [1783446288.356394]: 30.0 fps, ~379 KB/frame
[INFO] [1783446293.389644]: 30.0 fps, ~379 KB/frame
[INFO] [1783446298.389838]: 30.0 fps, ~379 KB/frame
[INFO] [1783446303.422400]: 30.0 fps, ~381 KB/frame
[INFO] [1783446308.455454]: 30.0 fps, ~380 KB/frame
[INFO] [1783446313.488402]: 30.0 fps, ~379 KB/frame
[INFO] [1783446318.521552]: 30.0 fps, ~379 KB/frame
[INFO] [1783446323.554621]: 30.0 fps, ~379 KB/frame
[INFO] [1783446328.587290]: 30.0 fps, ~378 KB/frame
[INFO] [1783446333.587445]: 30.0 fps, ~381 KB/frame
[INFO] [1783446338.587650]: 30.0 fps, ~380 KB/frame
[INFO] [1783446343.620071]: 30.0 fps, ~379 KB/frame
[INFO] [1783446348.653180]: 30.0 fps, ~380 KB/frame
[INFO] [1783446353.686342]: 30.0 fps, ~380 KB/frame
[INFO] [1783446358.687019]: 30.0 fps, ~381 KB/frame
[INFO] [1783446363.720046]: 30.0 fps, ~379 KB/frame
[INFO] [1783446368.752911]: 30.0 fps, ~379 KB/frame
[INFO] [1783446373.786015]: 30.0 fps, ~379 KB/frame
[INFO] [1783446378.819085]: 30.0 fps, ~380 KB/frame
[INFO] [1783446383.852067]: 30.0 fps, ~381 KB/frame
[INFO] [1783446388.852147]: 30.0 fps, ~381 KB/frame
[INFO] [1783446393.884862]: 30.0 fps, ~381 KB/frame
[INFO] [1783446398.917966]: 30.0 fps, ~377 KB/frame
[INFO] [1783446403.951017]: 30.0 fps, ~378 KB/frame
[INFO] [1783446408.983546]: 30.0 fps, ~381 KB/frame
[INFO] [1783446414.016167]: 30.0 fps, ~382 KB/frame
[INFO] [1783446419.017868]: 30.0 fps, ~382 KB/frame
[INFO] [1783446424.049775]: 30.2 fps, ~382 KB/frame
[INFO] [1783446429.082942]: 30.4 fps, ~383 KB/frame
[INFO] [1783446434.099294]: 30.3 fps, ~380 KB/frame
[INFO] [1783446439.132387]: 30.6 fps, ~380 KB/frame
[INFO] [1783446444.149028]: 30.1 fps, ~380 KB/frame
[INFO] [1783446449.182083]: 30.0 fps, ~381 KB/frame
[INFO] [1783446454.215494]: 30.0 fps, ~379 KB/frame
[INFO] [1783446459.247496]: 30.0 fps, ~381 KB/frame
[INFO] [1783446464.280971]: 30.0 fps, ~382 KB/frame
[INFO] [1783446469.314093]: 30.0 fps, ~381 KB/frame
[INFO] [1783446474.347101]: 30.0 fps, ~381 KB/frame
[INFO] [1783446479.363460]: 30.5 fps, ~382 KB/frame
[INFO] [1783446484.379940]: 30.1 fps, ~380 KB/frame
[INFO] [1783446489.412804]: 30.0 fps, ~377 KB/frame
[INFO] [1783446494.445958]: 30.0 fps, ~377 KB/frame
[INFO] [1783446499.478935]: 30.0 fps, ~379 KB/frame
[INFO] [1783446504.512234]: 30.0 fps, ~376 KB/frame
[INFO] [1783446509.544987]: 30.0 fps, ~377 KB/frame
[INFO] [1783446514.546990]: 30.0 fps, ~378 KB/frame
[INFO] [1783446519.577840]: 30.0 fps, ~379 KB/frame
[INFO] [1783446524.578031]: 30.0 fps, ~380 KB/frame
[INFO] [1783446529.610754]: 30.0 fps, ~379 KB/frame
[INFO] [1783446534.643579]: 30.0 fps, ~378 KB/frame
[INFO] [1783446539.645107]: 30.0 fps, ~377 KB/frame
[INFO] [1783446544.676464]: 30.0 fps, ~379 KB/frame
[INFO] [1783446549.709285]: 30.0 fps, ~380 KB/frame
[INFO] [1783446554.742349]: 30.0 fps, ~378 KB/frame
[INFO] [1783446559.775749]: 30.0 fps, ~377 KB/frame
[INFO] [1783446564.808475]: 30.0 fps, ~378 KB/frame
[INFO] [1783446569.841492]: 30.0 fps, ~379 KB/frame
[INFO] [1783446574.874594]: 30.0 fps, ~377 KB/frame
[INFO] [1783446579.907909]: 30.0 fps, ~379 KB/frame
[INFO] [1783446584.940981]: 30.0 fps, ~381 KB/frame
[INFO] [1783446589.941136]: 30.0 fps, ~378 KB/frame
[INFO] [1783446594.973541]: 30.0 fps, ~379 KB/frame
[INFO] [1783446600.006237]: 30.0 fps, ~380 KB/frame
[INFO] [1783446605.039764]: 30.0 fps, ~379 KB/frame
[INFO] [1783446610.039844]: 30.0 fps, ~379 KB/frame
[INFO] [1783446615.072368]: 30.0 fps, ~380 KB/frame
[INFO] [1783446620.105646]: 30.0 fps, ~380 KB/frame
[INFO] [1783446625.140080]: 30.0 fps, ~379 KB/frame
[INFO] [1783446630.171922]: 30.0 fps, ~378 KB/frame
[INFO] [1783446635.204574]: 30.0 fps, ~380 KB/frame
[INFO] [1783446640.237601]: 30.0 fps, ~378 KB/frame
[INFO] [1783446645.270800]: 30.0 fps, ~377 KB/frame
[INFO] [1783446650.303933]: 30.0 fps, ~376 KB/frame
[INFO] [1783446655.336929]: 30.0 fps, ~376 KB/frame
[INFO] [1783446660.369935]: 30.0 fps, ~377 KB/frame
[INFO] [1783446665.403042]: 30.0 fps, ~377 KB/frame
[INFO] [1783446670.436069]: 30.0 fps, ~379 KB/frame
[INFO] [1783446675.469115]: 30.0 fps, ~380 KB/frame
[INFO] [1783446680.502189]: 30.0 fps, ~377 KB/frame
[INFO] [1783446685.535760]: 30.0 fps, ~377 KB/frame
[INFO] [1783446690.568240]: 30.0 fps, ~378 KB/frame
[INFO] [1783446695.601363]: 30.0 fps, ~380 KB/frame
[INFO] [1783446700.634723]: 30.0 fps, ~379 KB/frame
[INFO] [1783446705.667532]: 30.0 fps, ~380 KB/frame
[INFO] [1783446710.700716]: 30.0 fps, ~380 KB/frame
[INFO] [1783446715.733439]: 30.0 fps, ~380 KB/frame
[INFO] [1783446720.766892]: 30.0 fps, ~380 KB/frame
[INFO] [1783446725.799823]: 30.0 fps, ~380 KB/frame
[INFO] [1783446730.832647]: 30.0 fps, ~380 KB/frame
[INFO] [1783446735.865673]: 30.0 fps, ~380 KB/frame
[INFO] [1783446740.898698]: 30.0 fps, ~379 KB/frame
[INFO] [1783446745.932045]: 30.0 fps, ~379 KB/frame
[INFO] [1783446750.932816]: 30.0 fps, ~378 KB/frame
[INFO] [1783446755.964406]: 30.0 fps, ~379 KB/frame
[INFO] [1783446760.997643]: 30.0 fps, ~378 KB/frame
[INFO] [1783446765.997656]: 30.0 fps, ~380 KB/frame
[INFO] [1783446771.030771]: 30.0 fps, ~380 KB/frame
[INFO] [1783446776.063385]: 30.0 fps, ~381 KB/frame
[INFO] [1783446781.064388]: 30.0 fps, ~380 KB/frame
[INFO] [1783446786.096331]: 30.0 fps, ~380 KB/frame
[INFO] [1783446791.129582]: 30.0 fps, ~379 KB/frame
[INFO] [1783446796.129563]: 30.0 fps, ~379 KB/frame
[INFO] [1783446801.162152]: 30.0 fps, ~378 KB/frame
[INFO] [1783446806.195538]: 30.0 fps, ~380 KB/frame
[INFO] [1783446811.228196]: 30.0 fps, ~378 KB/frame
[INFO] [1783446816.261322]: 30.0 fps, ~379 KB/frame
[INFO] [1783446821.294272]: 30.0 fps, ~380 KB/frame
[INFO] [1783446826.294300]: 30.0 fps, ~382 KB/frame
[INFO] [1783446831.327434]: 30.0 fps, ~381 KB/frame
[INFO] [1783446836.360130]: 30.0 fps, ~381 KB/frame
[INFO] [1783446841.393014]: 30.0 fps, ~381 KB/frame
[INFO] [1783446846.426204]: 30.0 fps, ~381 KB/frame
[INFO] [1783446851.426309]: 30.0 fps, ~378 KB/frame
[INFO] [1783446856.459080]: 30.0 fps, ~379 KB/frame
[INFO] [1783446861.492517]: 30.0 fps, ~379 KB/frame
[INFO] [1783446866.525515]: 30.0 fps, ~380 KB/frame
[INFO] [1783446871.558234]: 30.0 fps, ~382 KB/frame
[INFO] [1783446876.591079]: 30.0 fps, ~380 KB/frame
[INFO] [1783446881.624450]: 30.0 fps, ~380 KB/frame
[INFO] [1783446886.624878]: 30.0 fps, ~380 KB/frame
[INFO] [1783446891.657909]: 30.0 fps, ~382 KB/frame
[INFO] [1783446896.690663]: 30.0 fps, ~381 KB/frame
[INFO] [1783446901.690693]: 30.0 fps, ~380 KB/frame
[INFO] [1783446906.723591]: 30.0 fps, ~380 KB/frame
[INFO] [1783446911.757174]: 30.0 fps, ~381 KB/frame
[INFO] [1783446916.789835]: 30.0 fps, ~381 KB/frame
[INFO] [1783446921.823229]: 30.0 fps, ~382 KB/frame
[INFO] [1783446926.839375]: 30.5 fps, ~395 KB/frame
[INFO] [1783446931.855491]: 31.5 fps, ~384 KB/frame
[INFO] [1783446936.888819]: 31.8 fps, ~386 KB/frame
[INFO] [1783446941.904866]: 30.9 fps, ~384 KB/frame
[INFO] [1783446946.938119]: 30.6 fps, ~387 KB/frame
[INFO] [1783446951.971304]: 30.0 fps, ~390 KB/frame
[INFO] [1783446956.987580]: 30.1 fps, ~380 KB/frame
[INFO] [1783446962.003769]: 30.1 fps, ~379 KB/frame
[INFO] [1783446967.036874]: 30.0 fps, ~378 KB/frame
[INFO] [1783446972.070291]: 30.0 fps, ~380 KB/frame
[INFO] [1783446977.103218]: 30.0 fps, ~379 KB/frame
[INFO] [1783446982.136189]: 30.0 fps, ~379 KB/frame
[INFO] [1783446987.169090]: 30.0 fps, ~381 KB/frame
[INFO] [1783446992.203938]: 30.0 fps, ~379 KB/frame
[INFO] [1783446997.235466]: 30.0 fps, ~377 KB/frame
[INFO] [1783447002.268325]: 30.0 fps, ~378 KB/frame
[INFO] [1783447007.301452]: 30.0 fps, ~378 KB/frame
[INFO] [1783447012.334350]: 30.0 fps, ~379 KB/frame
[INFO] [1783447017.367426]: 30.0 fps, ~380 KB/frame
[INFO] [1783447022.400692]: 30.0 fps, ~379 KB/frame
[INFO] [1783447027.433728]: 30.0 fps, ~381 KB/frame
[INFO] [1783447032.467006]: 30.0 fps, ~378 KB/frame
[INFO] [1783447037.499733]: 30.0 fps, ~379 KB/frame
[INFO] [1783447042.533003]: 30.0 fps, ~380 KB/frame
[INFO] [1783447047.565885]: 30.0 fps, ~380 KB/frame
[INFO] [1783447052.598991]: 30.0 fps, ~380 KB/frame
[INFO] [1783447057.631845]: 30.0 fps, ~379 KB/frame
[INFO] [1783447062.665085]: 30.0 fps, ~379 KB/frame
[INFO] [1783447067.665666]: 30.0 fps, ~381 KB/frame
[INFO] [1783447072.697842]: 30.0 fps, ~379 KB/frame
[INFO] [1783447077.730923]: 30.0 fps, ~378 KB/frame
[INFO] [1783447082.764001]: 30.0 fps, ~378 KB/frame
[INFO] [1783447087.796870]: 30.0 fps, ~379 KB/frame
[INFO] [1783447092.830104]: 30.0 fps, ~380 KB/frame
[INFO] [1783447097.863134]: 30.0 fps, ~379 KB/frame
[INFO] [1783447102.896209]: 30.0 fps, ~380 KB/frame
[INFO] [1783447107.929936]: 30.0 fps, ~381 KB/frame
[INFO] [1783447112.962117]: 30.0 fps, ~378 KB/frame
[INFO] [1783447117.995047]: 30.0 fps, ~379 KB/frame
[INFO] [1783447123.028319]: 30.0 fps, ~380 KB/frame
[INFO] [1783447128.061164]: 30.0 fps, ~379 KB/frame
[INFO] [1783447133.094343]: 30.0 fps, ~380 KB/frame
[INFO] [1783447138.127330]: 30.0 fps, ~378 KB/frame
[INFO] [1783447143.127598]: 30.0 fps, ~378 KB/frame
[INFO] [1783447148.160553]: 30.0 fps, ~380 KB/frame
[INFO] [1783447153.193162]: 30.0 fps, ~381 KB/frame
[INFO] [1783447158.226371]: 30.0 fps, ~380 KB/frame
[INFO] [1783447163.259369]: 30.0 fps, ~380 KB/frame
[INFO] [1783447168.292397]: 30.0 fps, ~381 KB/frame
[INFO] [1783447173.325661]: 30.0 fps, ~380 KB/frame
[INFO] [1783447178.358379]: 30.0 fps, ~379 KB/frame
[INFO] [1783447183.391845]: 30.0 fps, ~381 KB/frame
[INFO] [1783447188.424773]: 30.0 fps, ~381 KB/frame
[INFO] [1783447193.457733]: 30.0 fps, ~380 KB/frame
[INFO] [1783447198.490782]: 30.0 fps, ~381 KB/frame
[INFO] [1783447203.523705]: 30.0 fps, ~380 KB/frame
[INFO] [1783447208.556802]: 30.0 fps, ~380 KB/frame
[INFO] [1783447213.556888]: 30.0 fps, ~379 KB/frame
[INFO] [1783447218.589546]: 30.0 fps, ~378 KB/frame
[INFO] [1783447223.622761]: 30.0 fps, ~378 KB/frame
[INFO] [1783447228.655856]: 30.0 fps, ~378 KB/frame
[INFO] [1783447233.688764]: 30.0 fps, ~379 KB/frame
[INFO] [1783447238.722071]: 30.0 fps, ~382 KB/frame
[INFO] [1783447243.754921]: 30.0 fps, ~381 KB/frame
[INFO] [1783447248.787938]: 30.0 fps, ~377 KB/frame
[INFO] [1783447253.788030]: 30.0 fps, ~380 KB/frame
[INFO] [1783447258.803929]: 30.5 fps, ~386 KB/frame
[INFO] [1783447263.805170]: 30.0 fps, ~388 KB/frame
[INFO] [1783447268.820404]: 31.9 fps, ~382 KB/frame
[INFO] [1783447273.827846]: 31.2 fps, ~384 KB/frame
[INFO] [1783447278.853119]: 32.0 fps, ~384 KB/frame
[INFO] [1783447283.877325]: 31.8 fps, ~384 KB/frame
[INFO] [1783447288.886000]: 31.9 fps, ~384 KB/frame
[INFO] [1783447293.922879]: 31.8 fps, ~385 KB/frame
[INFO] [1783447298.951926]: 31.4 fps, ~385 KB/frame
[INFO] [1783447303.968437]: 30.7 fps, ~387 KB/frame
[INFO] [1783447309.001476]: 30.4 fps, ~387 KB/frame
[INFO] [1783447314.017810]: 31.1 fps, ~387 KB/frame
[INFO] [1783447319.034264]: 31.1 fps, ~389 KB/frame
[INFO] [1783447324.050343]: 30.5 fps, ~386 KB/frame
[INFO] [1783447329.051900]: 30.4 fps, ~385 KB/frame
[INFO] [1783447334.083287]: 30.4 fps, ~386 KB/frame
[INFO] [1783447339.116315]: 30.4 fps, ~386 KB/frame
[INFO] [1783447344.132819]: 30.5 fps, ~388 KB/frame
[INFO] [1783447349.165780]: 30.6 fps, ~389 KB/frame
[INFO] [1783447354.198924]: 30.2 fps, ~386 KB/frame
[INFO] [1783447359.231927]: 30.2 fps, ~387 KB/frame
[INFO] [1783447364.248314]: 30.1 fps, ~386 KB/frame
[INFO] [1783447369.250480]: 30.6 fps, ~388 KB/frame
[INFO] [1783447374.281224]: 30.0 fps, ~389 KB/frame
[INFO] [1783447379.314116]: 30.0 fps, ~389 KB/frame
[INFO] [1783447384.347067]: 30.0 fps, ~389 KB/frame
[INFO] [1783447389.347206]: 30.0 fps, ~391 KB/frame
[INFO] [1783447394.381206]: 30.0 fps, ~392 KB/frame
[INFO] [1783447399.413073]: 30.0 fps, ~391 KB/frame
[INFO] [1783447404.429627]: 31.1 fps, ~386 KB/frame
[INFO] [1783447409.462419]: 30.4 fps, ~388 KB/frame
[INFO] [1783447414.494539]: 30.2 fps, ~391 KB/frame
[INFO] [1783447419.511966]: 30.3 fps, ~379 KB/frame
[INFO] [1783447424.545048]: 30.0 fps, ~379 KB/frame
[INFO] [1783447429.578100]: 30.0 fps, ~379 KB/frame
[INFO] [1783447434.611146]: 30.0 fps, ~381 KB/frame
[INFO] [1783447439.644235]: 30.0 fps, ~380 KB/frame
[INFO] [1783447444.677312]: 30.0 fps, ~379 KB/frame
[INFO] [1783447449.680411]: 30.0 fps, ~378 KB/frame
[INFO] [1783447454.710094]: 30.0 fps, ~378 KB/frame
[INFO] [1783447459.742918]: 30.0 fps, ~381 KB/frame
[INFO] [1783447464.776045]: 30.0 fps, ~380 KB/frame
[INFO] [1783447469.808964]: 30.0 fps, ~381 KB/frame
[INFO] [1783447474.809299]: 30.0 fps, ~378 KB/frame
[INFO] [1783447479.842077]: 30.0 fps, ~380 KB/frame
[INFO] [1783447484.875108]: 30.0 fps, ~379 KB/frame
[INFO] [1783447489.908083]: 30.0 fps, ~381 KB/frame
[INFO] [1783447494.911579]: 30.0 fps, ~378 KB/frame
[INFO] [1783447499.940805]: 30.0 fps, ~381 KB/frame
[INFO] [1783447504.973694]: 30.0 fps, ~380 KB/frame
[INFO] [1783447510.006850]: 30.0 fps, ~380 KB/frame
[INFO] [1783447515.040104]: 30.0 fps, ~379 KB/frame
[INFO] [1783447520.073209]: 30.0 fps, ~378 KB/frame
[INFO] [1783447525.106412]: 30.0 fps, ~381 KB/frame
[INFO] [1783447530.106543]: 30.0 fps, ~381 KB/frame
[INFO] [1783447535.139016]: 30.0 fps, ~378 KB/frame
[INFO] [1783447540.171721]: 30.0 fps, ~379 KB/frame
[INFO] [1783447545.204861]: 30.0 fps, ~381 KB/frame
[INFO] [1783447550.237975]: 30.0 fps, ~378 KB/frame
[INFO] [1783447555.271088]: 30.0 fps, ~378 KB/frame
[INFO] [1783447560.303979]: 30.0 fps, ~381 KB/frame
[INFO] [1783447565.337097]: 30.0 fps, ~380 KB/frame
[INFO] [1783447570.370134]: 30.0 fps, ~378 KB/frame
[INFO] [1783447575.403329]: 30.0 fps, ~378 KB/frame
[INFO] [1783447580.436233]: 30.0 fps, ~380 KB/frame
[INFO] [1783447585.469359]: 30.0 fps, ~379 KB/frame
[INFO] [1783447590.502202]: 30.0 fps, ~379 KB/frame
[INFO] [1783447595.535289]: 30.0 fps, ~381 KB/frame
[INFO] [1783447600.535361]: 30.0 fps, ~382 KB/frame
[INFO] [1783447605.568161]: 30.0 fps, ~381 KB/frame
[INFO] [1783447610.601170]: 30.0 fps, ~381 KB/frame
[INFO] [1783447615.633631]: 30.0 fps, ~379 KB/frame
[INFO] [1783447620.633855]: 30.0 fps, ~376 KB/frame
[INFO] [1783447625.666937]: 30.0 fps, ~376 KB/frame
[INFO] [1783447630.700015]: 30.0 fps, ~376 KB/frame
[INFO] [1783447635.733150]: 30.0 fps, ~376 KB/frame
[INFO] [1783447640.766324]: 30.0 fps, ~377 KB/frame
[INFO] [1783447645.799417]: 30.0 fps, ~376 KB/frame
[INFO] [1783447650.832516]: 30.0 fps, ~376 KB/frame
[INFO] [1783447655.865517]: 30.0 fps, ~377 KB/frame
[INFO] [1783447660.898345]: 30.0 fps, ~376 KB/frame
[INFO] [1783447665.931345]: 30.0 fps, ~377 KB/frame
[INFO] [1783447670.964689]: 30.0 fps, ~377 KB/frame
[INFO] [1783447675.997503]: 30.0 fps, ~377 KB/frame
[INFO] [1783447681.030657]: 30.0 fps, ~376 KB/frame
[INFO] [1783447686.063963]: 30.0 fps, ~376 KB/frame
[INFO] [1783447691.096648]: 30.0 fps, ~376 KB/frame
[INFO] [1783447696.130001]: 30.0 fps, ~378 KB/frame
[INFO] [1783447701.162941]: 30.0 fps, ~375 KB/frame
[INFO] [1783447706.196021]: 30.0 fps, ~376 KB/frame
[INFO] [1783447711.229066]: 30.0 fps, ~377 KB/frame
[INFO] [1783447716.262182]: 30.0 fps, ~378 KB/frame
[INFO] [1783447721.263814]: 30.0 fps, ~376 KB/frame
[INFO] [1783447726.294775]: 30.0 fps, ~376 KB/frame
[INFO] [1783447731.327756]: 30.0 fps, ~378 KB/frame
[INFO] [1783447736.360881]: 30.0 fps, ~375 KB/frame
[WARN] [1783448054.054664]: Frame grab failed, retrying...
[INFO] [1783447741.393788]: 30.0 fps, ~374 KB/frame
[INFO] [1783447746.393851]: 30.0 fps, ~376 KB/frame
[INFO] [1783447751.427121]: 30.0 fps, ~378 KB/frame
[INFO] [1783447756.459876]: 30.0 fps, ~377 KB/frame
[INFO] [1783447761.461835]: 30.0 fps, ~377 KB/frame
[INFO] [1783447766.492639]: 30.0 fps, ~376 KB/frame
[INFO] [1783447771.525626]: 30.0 fps, ~377 KB/frame
[INFO] [1783447776.558634]: 30.0 fps, ~374 KB/frame
[INFO] [1783447781.558766]: 30.0 fps, ~375 KB/frame
[INFO] [1783447786.591539]: 30.0 fps, ~377 KB/frame
[INFO] [1783447791.624442]: 30.0 fps, ~376 KB/frame
[INFO] [1783447796.657528]: 30.0 fps, ~378 KB/frame
[INFO] [1783447801.690777]: 30.0 fps, ~375 KB/frame
[INFO] [1783447806.723705]: 30.0 fps, ~377 KB/frame
[INFO] [1783447811.756919]: 30.0 fps, ~375 KB/frame
[INFO] [1783447816.789628]: 30.0 fps, ~376 KB/frame
[INFO] [1783447821.822867]: 30.0 fps, ~376 KB/frame
[INFO] [1783447826.855967]: 30.0 fps, ~375 KB/frame
[INFO] [1783447831.888845]: 30.0 fps, ~376 KB/frame
[INFO] [1783447836.921917]: 30.0 fps, ~378 KB/frame
[INFO] [1783447841.954867]: 30.0 fps, ~376 KB/frame
[INFO] [1783447846.987981]: 30.0 fps, ~375 KB/frame
[INFO] [1783447852.021051]: 30.0 fps, ~376 KB/frame
[INFO] [1783447857.054166]: 30.0 fps, ~378 KB/frame
[INFO] [1783447862.087271]: 30.0 fps, ~377 KB/frame
[INFO] [1783447867.120441]: 30.0 fps, ~374 KB/frame
[INFO] [1783447872.152541]: 30.0 fps, ~397 KB/frame
[INFO] [1783447877.153696]: 30.8 fps, ~403 KB/frame
[INFO] [1783447882.186600]: 30.8 fps, ~404 KB/frame
[INFO] [1783447887.206958]: 30.1 fps, ~406 KB/frame
[INFO] [1783447892.236123]: 30.0 fps, ~406 KB/frame
[INFO] [1783447897.268875]: 30.0 fps, ~410 KB/frame
[INFO] [1783447902.301776]: 30.0 fps, ~407 KB/frame
[INFO] [1783447907.302577]: 30.2 fps, ~408 KB/frame
[INFO] [1783447912.334833]: 30.0 fps, ~407 KB/frame
[INFO] [1783447917.367836]: 30.0 fps, ~408 KB/frame
[INFO] [1783447922.384507]: 30.1 fps, ~405 KB/frame
[INFO] [1783447927.400414]: 30.3 fps, ~406 KB/frame
[INFO] [1783447932.417467]: 30.5 fps, ~410 KB/frame
[INFO] [1783447937.433651]: 30.3 fps, ~404 KB/frame
[INFO] [1783447942.466887]: 30.0 fps, ~407 KB/frame
[INFO] [1783447947.500071]: 30.0 fps, ~409 KB/frame
[INFO] [1783447952.532126]: 30.0 fps, ~404 KB/frame
[INFO] [1783447957.532181]: 30.8 fps, ~401 KB/frame
[INFO] [1783447962.547424]: 30.7 fps, ~403 KB/frame
[INFO] [1783447967.548578]: 30.0 fps, ~410 KB/frame
[INFO] [1783447972.581252]: 30.0 fps, ~408 KB/frame
[INFO] [1783447977.581468]: 30.0 fps, ~410 KB/frame
[INFO] [1783447982.614242]: 30.0 fps, ~407 KB/frame
[INFO] [1783447987.647337]: 30.0 fps, ~409 KB/frame
[INFO] [1783447992.680505]: 30.0 fps, ~410 KB/frame
[INFO] [1783447997.713544]: 30.0 fps, ~408 KB/frame
[INFO] [1783448002.745957]: 30.0 fps, ~409 KB/frame
[INFO] [1783448007.746099]: 30.0 fps, ~409 KB/frame
[INFO] [1783448012.746262]: 30.0 fps, ~409 KB/frame
[INFO] [1783448017.778673]: 30.0 fps, ~410 KB/frame
[INFO] [1783448022.778841]: 30.0 fps, ~410 KB/frame
[INFO] [1783448027.811743]: 30.0 fps, ~413 KB/frame
[INFO] [1783448032.812295]: 30.0 fps, ~411 KB/frame
[INFO] [1783448037.844692]: 30.0 fps, ~412 KB/frame
[INFO] [1783448042.877523]: 30.0 fps, ~410 KB/frame
[INFO] [1783448047.910310]: 30.0 fps, ~411 KB/frame
[INFO] [1783448052.910547]: 30.0 fps, ~412 KB/frame

--- launched 2026-07-07 19:15:53 ---
source /home/nuc8/miniconda3/etc/profile.d/conda.sh && conda activate FastUMI && source /opt/ros/noetic/setup.bash && cd /home/nuc8/FastUMI && exec python3 cam_capture_node.py

[WARN] [1783448415.793652]: Frame grab failed, retrying...
[INFO] [1783448154.283688]: cam_capture_node publishing raw MJPEG on /usb_cam/image_raw/compressed (1920x1080@60fps)
[INFO] [1783448159.318309]: 30.8 fps, ~403 KB/frame
[INFO] [1783448164.334694]: 30.3 fps, ~423 KB/frame
[INFO] [1783448169.351113]: 30.3 fps, ~410 KB/frame
[INFO] [1783448174.384228]: 30.6 fps, ~387 KB/frame
[INFO] [1783448179.401090]: 31.3 fps, ~401 KB/frame
[INFO] [1783448184.434012]: 33.2 fps, ~401 KB/frame
[INFO] [1783448189.449967]: 33.3 fps, ~398 KB/frame
[INFO] [1783448194.466503]: 31.3 fps, ~402 KB/frame
[INFO] [1783448199.498621]: 30.0 fps, ~406 KB/frame
[INFO] [1783448204.499338]: 30.0 fps, ~407 KB/frame
[INFO] [1783448209.532233]: 30.0 fps, ~406 KB/frame
[INFO] [1783448214.532514]: 30.0 fps, ~406 KB/frame
[INFO] [1783448219.565061]: 30.0 fps, ~406 KB/frame
[INFO] [1783448224.598033]: 30.0 fps, ~406 KB/frame
[INFO] [1783448229.622438]: 30.5 fps, ~400 KB/frame
[INFO] [1783448234.647317]: 32.0 fps, ~404 KB/frame
[INFO] [1783448239.664020]: 30.1 fps, ~404 KB/frame
[INFO] [1783448244.696714]: 30.0 fps, ~409 KB/frame
[INFO] [1783448249.713169]: 30.1 fps, ~405 KB/frame
[INFO] [1783448254.746157]: 30.0 fps, ~404 KB/frame
[INFO] [1783448259.778292]: 31.0 fps, ~400 KB/frame
[INFO] [1783448264.795574]: 30.5 fps, ~408 KB/frame
[INFO] [1783448269.828662]: 30.0 fps, ~409 KB/frame
[INFO] [1783448274.861838]: 30.0 fps, ~407 KB/frame
[INFO] [1783448279.894854]: 30.0 fps, ~409 KB/frame
[INFO] [1783448284.927888]: 30.0 fps, ~409 KB/frame
[INFO] [1783448289.960892]: 30.0 fps, ~407 KB/frame
[INFO] [1783448294.994134]: 30.0 fps, ~408 KB/frame
[INFO] [1783448300.026073]: 30.0 fps, ~408 KB/frame
[INFO] [1783448305.026855]: 30.0 fps, ~409 KB/frame
[INFO] [1783448310.059656]: 30.0 fps, ~407 KB/frame
[INFO] [1783448315.059757]: 30.0 fps, ~408 KB/frame
[INFO] [1783448320.092497]: 30.0 fps, ~406 KB/frame
[INFO] [1783448325.125757]: 30.0 fps, ~408 KB/frame
[INFO] [1783448330.158515]: 30.0 fps, ~407 KB/frame
[INFO] [1783448335.191714]: 30.0 fps, ~407 KB/frame
[INFO] [1783448340.224832]: 30.0 fps, ~409 KB/frame
[INFO] [1783448345.257883]: 30.0 fps, ~405 KB/frame
[INFO] [1783448350.290764]: 30.0 fps, ~404 KB/frame
[INFO] [1783448355.323974]: 30.0 fps, ~408 KB/frame
[INFO] [1783448360.357108]: 30.0 fps, ~406 KB/frame
[INFO] [1783448365.357177]: 30.0 fps, ~405 KB/frame
[INFO] [1783448370.389798]: 30.0 fps, ~408 KB/frame
[INFO] [1783448375.422853]: 30.0 fps, ~404 KB/frame
[INFO] [1783448380.455891]: 30.0 fps, ~405 KB/frame
[INFO] [1783448385.488849]: 30.0 fps, ~408 KB/frame
[INFO] [1783448390.492365]: 30.0 fps, ~405 KB/frame
[INFO] [1783448395.521931]: 30.0 fps, ~406 KB/frame
[INFO] [1783448400.538039]: 30.5 fps, ~397 KB/frame
[INFO] [1783448405.562577]: 30.6 fps, ~400 KB/frame
[INFO] [1783448410.582829]: 31.7 fps, ~400 KB/frame

--- launched 2026-07-07 19:20:34 ---
source /home/nuc8/miniconda3/etc/profile.d/conda.sh && conda activate FastUMI && source /opt/ros/noetic/setup.bash && cd /home/nuc8/FastUMI && exec python3 cam_capture_node.py

[WARN] [1783448502.633488]: Frame grab failed, retrying...
[INFO] [1783448435.231889]: cam_capture_node publishing raw MJPEG on /usb_cam/image_raw/compressed (1920x1080@60fps)
[INFO] [1783448440.245013]: 31.9 fps, ~402 KB/frame
[INFO] [1783448445.261064]: 31.7 fps, ~403 KB/frame
[INFO] [1783448450.278239]: 32.5 fps, ~403 KB/frame
[INFO] [1783448455.294145]: 31.1 fps, ~400 KB/frame
[INFO] [1783448460.310096]: 31.1 fps, ~404 KB/frame
[INFO] [1783448465.343513]: 30.0 fps, ~404 KB/frame
[INFO] [1783448470.344116]: 30.4 fps, ~394 KB/frame
[INFO] [1783448475.359738]: 30.7 fps, ~399 KB/frame
[INFO] [1783448480.392308]: 31.0 fps, ~390 KB/frame
[INFO] [1783448485.410694]: 30.5 fps, ~392 KB/frame
[INFO] [1783448490.425846]: 30.5 fps, ~404 KB/frame
[INFO] [1783448495.441906]: 30.7 fps, ~413 KB/frame
[INFO] [1783448500.466563]: 30.8 fps, ~400 KB/frame
